// Jest Snapshot v1, https://goo.gl/fbAQLP

exports[`<Avatar /> render 1`] = `
<img
  alt=""
  className=""
  src="/assets/images/characters/1.jpg"
/>
`;
