// Jest Snapshot v1, https://goo.gl/fbAQLP

exports[`<Progress /> render 1`] = `
ShallowWrapper {
  Symbol(enzyme.__root__): [Circular],
  Symbol(enzyme.__unrendered__): <Progress />,
  Symbol(enzyme.__renderer__): Object {
    "batchedUpdates": [Function],
    "checkPropTypes": [Function],
    "getNode": [Function],
    "render": [Function],
    "simulateError": [Function],
    "simulateEvent": [Function],
    "unmount": [Function],
  },
  Symbol(enzyme.__node__): Object {
    "instance": null,
    "key": undefined,
    "nodeType": "host",
    "props": Object {
      "children": Array [
        <WithStyles(CircularProgress)
          size={100}
        />,
        <p>
          Preparando jogo...
        </p>,
      ],
      "style": Object {
        "alignItems": "center",
        "background": "#fff",
        "display": "flex",
        "flexDirection": "column",
        "height": "100%",
        "justifyContent": "center",
        "position": "fixed",
        "width": "100%",
        "zIndex": "1000",
      },
    },
    "ref": null,
    "rendered": Array [
      Object {
        "instance": null,
        "key": undefined,
        "nodeType": "class",
        "props": Object {
          "size": 100,
        },
        "ref": null,
        "rendered": null,
        "type": [Function],
      },
      Object {
        "instance": null,
        "key": undefined,
        "nodeType": "host",
        "props": Object {
          "children": "Preparando jogo...",
        },
        "ref": null,
        "rendered": "Preparando jogo...",
        "type": "p",
      },
    ],
    "type": "div",
  },
  Symbol(enzyme.__nodes__): Array [
    Object {
      "instance": null,
      "key": undefined,
      "nodeType": "host",
      "props": Object {
        "children": Array [
          <WithStyles(CircularProgress)
            size={100}
          />,
          <p>
            Preparando jogo...
          </p>,
        ],
        "style": Object {
          "alignItems": "center",
          "background": "#fff",
          "display": "flex",
          "flexDirection": "column",
          "height": "100%",
          "justifyContent": "center",
          "position": "fixed",
          "width": "100%",
          "zIndex": "1000",
        },
      },
      "ref": null,
      "rendered": Array [
        Object {
          "instance": null,
          "key": undefined,
          "nodeType": "class",
          "props": Object {
            "size": 100,
          },
          "ref": null,
          "rendered": null,
          "type": [Function],
        },
        Object {
          "instance": null,
          "key": undefined,
          "nodeType": "host",
          "props": Object {
            "children": "Preparando jogo...",
          },
          "ref": null,
          "rendered": "Preparando jogo...",
          "type": "p",
        },
      ],
      "type": "div",
    },
  ],
  Symbol(enzyme.__options__): Object {
    "adapter": ReactSixteenAdapter {
      "options": Object {
        "enableComponentDidUpdateOnSetState": true,
        "legacyContextMode": "parent",
        "lifecycles": Object {
          "componentDidUpdate": Object {
            "onSetState": true,
          },
          "getChildContext": Object {
            "calledByRenderer": false,
          },
          "getDerivedStateFromProps": true,
          "getSnapshotBeforeUpdate": true,
          "setState": Object {
            "skipsComponentDidUpdateOnNullish": true,
          },
        },
      },
    },
  },
}
`;
